** Drc report for mainboard.kicad_pcb **
** Created on 2026-09-14T23:20:51 **
** Report includes: Errors, Warnings **

** Found 15 DRC violations **
[lib_footprint_issues]: Footprint 'ESP32-DevKitV1-30P_Socket' not found in library 'Module'
    Local override; warning
    @(150.0000 mm, 92.0000 mm): Footprint U1
[lib_footprint_mismatch]: Footprint 'PinHeader_1x02_P2.54mm_Vertical' does not match copy in library 'Connector_PinHeader_2.54mm'
    Local override; warning
    @(119.0000 mm, 162.0000 mm): Footprint J1
[lib_footprint_mismatch]: Footprint 'PinHeader_1x08_P2.54mm_Vertical' does not match copy in library 'Connector_PinHeader_2.54mm'
    Local override; warning
    @(119.0000 mm, 40.0000 mm): Footprint J3
[lib_footprint_mismatch]: Footprint 'PinHeader_1x08_P2.54mm_Vertical' does not match copy in library 'Connector_PinHeader_2.54mm'
    Local override; warning
    @(181.0000 mm, 40.0000 mm): Footprint J4
[lib_footprint_mismatch]: Footprint 'PinHeader_1x04_P2.54mm_Vertical' does not match copy in library 'Connector_PinHeader_2.54mm'
    Local override; warning
    @(119.0000 mm, 108.0000 mm): Footprint J5
[lib_footprint_mismatch]: Footprint 'R_0805_2012Metric' does not match copy in library 'Resistor_SMD'
    Local override; warning
    @(128.0000 mm, 104.0000 mm): Footprint R4
[lib_footprint_mismatch]: Footprint 'R_0805_2012Metric' does not match copy in library 'Resistor_SMD'
    Local override; warning
    @(128.0000 mm, 111.0000 mm): Footprint R5
[lib_footprint_mismatch]: Footprint 'PinHeader_1x04_P2.54mm_Vertical' does not match copy in library 'Connector_PinHeader_2.54mm'
    Local override; warning
    @(142.0000 mm, 152.0000 mm): Footprint J6
[lib_footprint_mismatch]: Footprint 'R_0805_2012Metric' does not match copy in library 'Resistor_SMD'
    Local override; warning
    @(150.0000 mm, 152.0000 mm): Footprint R6
[lib_footprint_mismatch]: Footprint 'R_0805_2012Metric' does not match copy in library 'Resistor_SMD'
    Local override; warning
    @(150.0000 mm, 159.0000 mm): Footprint R7
[lib_footprint_mismatch]: Footprint 'PinHeader_1x04_P2.54mm_Vertical' does not match copy in library 'Connector_PinHeader_2.54mm'
    Local override; warning
    @(119.0000 mm, 140.0000 mm): Footprint J7
[lib_footprint_mismatch]: Footprint 'R_0805_2012Metric' does not match copy in library 'Resistor_SMD'
    Local override; warning
    @(172.0000 mm, 86.0000 mm): Footprint R8
[lib_footprint_mismatch]: Footprint 'SOT-23' does not match copy in library 'Package_TO_SOT_SMD'
    Local override; warning
    @(178.0000 mm, 86.0000 mm): Footprint Q1
[lib_footprint_mismatch]: Footprint 'PinHeader_1x02_P2.54mm_Vertical' does not match copy in library 'Connector_PinHeader_2.54mm'
    Local override; warning
    @(185.0000 mm, 85.0000 mm): Footprint J9
[lib_footprint_mismatch]: Footprint 'PinHeader_1x03_P2.54mm_Vertical' does not match copy in library 'Connector_PinHeader_2.54mm'
    Local override; warning
    @(172.0000 mm, 162.0000 mm): Footprint J8

** Found 0 unconnected pads **

** Found 0 Footprint errors **

** Ignored checks **
    - Footprint has no courtyard defined
    - Track endpoint not centered on via
    - Tuning profile track geometries
    - Footprint doesn't match symbol's footprint filters
    - Footprint component type doesn't match footprint pads

** End of Report **
